// Jest Snapshot v1, https://goo.gl/fbAQLP

exports[`renders the UI as expected 1`] = `
<div
  className="App"
>
  <header
    className="App_NavBar"
  >
    <div
      className="header"
    >
      <a
        href="/NewUser"
        onClick={[Function]}
      >
        Create Account
      </a>
       | 
      <a
        href="/login"
        onClick={[Function]}
      >
        Login
      </a>
    </div>
  </header>
  <p />
  <p />
  <main
    className="AppMain"
  >
    <div
      className="landingDisplay"
    >
      <div
        className="landingHeader"
      >
        <h1>
          For Choreographers, By Choreographers
        </h1>
      </div>
      <section
        className="landingBody"
      >
        <p
          className="introText"
        >
          Choreo-Graph is an interactive web app made for choreographers and other performing artists as a tool to stage pieces for the purposes of teaching, ease of production communication, and at-home studying. In order to get started, click on login. You can use this username and password to access the website! Username: dunder Password $2a$12$lHK6LVpc15/ZROZcKU00QeiD.RyYq5dVlV/9m4kKYbGibkRc5l4Ne
        </p>
        <a
          href="/NewUser"
          onClick={[Function]}
        >
          <button>
            Create Account
          </button>
        </a>
        <a
          href="/Login"
          onClick={[Function]}
        >
          <button>
            Login to Existing Account
          </button>
        </a>
      </section>
    </div>
  </main>
</div>
`;
